
[96m[1m🚀 Pareto Frontier Execution[0m
[94m----------------------------[0m
Prompt: Provide a summary table of latency and throughput metrics.
  [*] Initiating Cascade for input: 'Provide a summary table of latency and throughput ...'

[92m[1m✨ FINAL RESPONSE[0m
-------------------------
## Latency & Throughput Metrics: Summary Table

This table provides a breakdown of common latency and throughput metrics used in networking, computing, and data processing systems.▁▁It includes definitions, typical ranges, and considerations for each metric.



| Metric Category | Metric▁▁▁▁▁▁▁▁▁▁| Definition▁▁▁▁▁▁▁▁▁▁▁▁▁▁▁▁▁▁▁▁▁▁▁▁▁▁▁▁▁▁▁▁▁▁▁▁▁| Typical Range (Example) | Considerations/Notes▁▁▁▁▁▁▁▁▁▁▁▁▁▁▁▁▁▁▁▁▁▁▁▁▁▁▁▁▁▁▁▁▁▁▁▁▁▁▁▁▁▁▁▁▁▁▁▁▁▁▁▁▁▁▁▁▁▁▁▁▁▁▁▁▁▁▁▁▁|
|-----------------|-----------------|------------------------------------------------|---------------------------|---------------------------------------------------------------------------------------------|
| **Latency**▁▁▁▁▁| **Round Trip Time (RTT)** |▁▁Time it takes for a packet to travel to and back from a destination. |▁▁10-100ms, depending on distance & network congestion |▁▁Affected by network topology, distance, protocol, and packet size. High RTT indicates poor network performance.|
|▁▁▁▁▁▁▁▁▁▁▁▁▁▁▁▁▁| **Processing Latency**▁▁▁| Time taken by a specific component (CPU, GPU, etc.) to process a request. | 1-100ms, highly variable▁▁▁▁▁| Depends heavily on the workload, algorithm complexity, and hardware capabilities.▁▁▁▁▁▁▁▁▁|
|▁▁▁▁▁▁▁▁▁▁▁▁▁▁▁▁▁| **Network Latency**▁▁| Delay in network transmission of data packets.▁▁▁▁| 1-50ms▁▁▁▁▁▁▁▁▁▁▁▁▁▁▁▁▁▁▁▁| Can be influenced by network congestion, queuing delays, and routing.▁▁▁▁▁▁▁▁▁▁▁▁▁▁▁▁▁▁▁▁▁|
|▁▁▁▁▁▁▁▁▁▁▁▁▁▁▁▁▁| **Disk Latency**▁▁▁▁▁| Time it takes to read or write data from/to disk.▁▁▁| 1-10ms (SSD), 10-100ms (HDD) |▁▁Depends on disk type (SSD vs HDD), disk utilization, and I/O scheduling.▁▁▁▁▁▁▁▁▁▁▁▁▁▁▁▁▁▁|
|▁▁▁▁▁▁▁▁▁▁▁▁▁▁▁▁▁| **Application Latency**▁▁| Time it takes for an application to complete a task. | Varies greatly; seconds to minutes▁▁▁▁▁▁| Highly dependent on the application's complexity, code efficiency, and resource usage.▁▁▁▁▁▁▁▁▁|


| **Throughput**▁▁▁▁| **Bandwidth**▁▁▁▁▁▁▁| Amount of data that can be transferred per unit of time.▁▁| 10 Mbps - 1 Gbps+▁▁▁▁▁▁▁▁▁▁▁▁| Measured in bits per second (bps), kbps, Mbps, Gbps. Influenced by network infrastructure and protocol.|
|▁▁▁▁▁▁▁▁▁▁▁▁▁▁▁▁▁| **Data Transfer Rate** |▁▁Rate at which data is being transmitted between systems/devices.▁▁▁▁▁| Varies greatly depending on transfer method▁▁▁| Dependent on the type of data being transferred (e.g., video, file), transfer protocols, and network capacity.▁▁▁▁|
|▁▁▁▁▁▁▁▁▁▁▁▁▁▁▁▁▁| **Request Rate**▁▁▁▁▁| Number of requests processed per unit of time.▁▁▁▁▁▁▁▁▁▁▁▁| 100-1000+ per second▁▁▁▁▁▁▁▁▁▁|▁▁Indicates system responsiveness and scalability. A higher request rate is generally desirable.|
|▁▁▁▁▁▁▁▁▁▁▁▁▁▁▁▁▁| **Transactions Per Second (TPS)** | Number of completed transactions handled per second.▁▁▁| Varies greatly, often measured in the thousands to millions | Important for applications involving financial transactions, e-commerce, etc.▁▁▁▁▁▁▁▁▁▁▁▁▁▁▁▁|
|▁▁▁▁▁▁▁▁▁▁▁▁▁▁▁▁▁| **Frames Per Second (FPS)**▁▁▁▁|▁▁Rate at which frames are displayed (especially relevant for video). | 24-60 FPS▁▁▁▁▁▁▁▁▁▁▁▁▁▁▁▁▁▁▁|▁▁▁Important for video streaming and gaming - higher FPS results in smoother visuals.▁▁▁▁▁▁▁▁▁▁|

**Key Considerations:**

* **Context Matters**: The optimal values for these metrics depend heavily on the specific application, system, and network configuration.
* **Combination is Important**:▁▁It's not just about individual metrics; understanding their relationships is crucial (e.g., high latency can limit throughput).
* **Monitoring & Alerting**: Regularly monitoring these metrics is essential to identify performance bottlenecks and proactively address issues.
* **Tools**:▁▁Various tools (e.g., Wireshark, iperf, Prometheus, Grafana) are available for measuring and analyzing these metrics.



**Disclaimer:** Ranges provided are illustrative and can vary widely based on specific hardware, software, network conditions, and workloads.▁▁Consult documentation for your particular hardware and software for accurate specifications.
-------------------------
